// Jest Snapshot v1, https://goo.gl/fbAQLP

exports[`Item gradient js shoude correct render 1`] = `
<Card
  body={false}
  className="gradient-item bg-dark text-white text-center"
  style={
    Object {
      "width": "80%",
    }
  }
>
  <CardHeader>
    <Row
      noGutters={false}
    >
      <Col>
        <Button
          active={false}
          disabled={false}
          href="/edit/undefined"
          size="sm"
          variant="outline-primary"
        >
          Edit
        </Button>
      </Col>
      <Col>
        <Button
          active={false}
          disabled={false}
          onClick={[Function]}
          size="sm"
          variant="outline-danger"
        >
          Delete
        </Button>
      </Col>
    </Row>
  </CardHeader>
  <CardBody
    style={
      Object {
        "background": "linear-gradient(to left, undefined,undefined)",
      }
    }
  >
    <Row
      noGutters={false}
    >
      <Col />
      <Col />
    </Row>
  </CardBody>
</Card>
`;
